2025-11-04 16:41:46,550 13496 INFO ? odoo: Odoo version 18.0 
2025-11-04 16:41:46,551 13496 INFO ? odoo: Using configuration file at C:\Users\lided\projects\odoo\odoo.conf 
2025-11-04 16:41:46,551 13496 INFO ? odoo: addons paths: ['C:\\Users\\lided\\projects\\odoo\\odoo\\addons', 'c:\\users\\lided\\appdata\\local\\openerp s.a\\odoo\\addons\\18.0', 'c:\\users\\lided\\projects\\odoo\\addons', 'c:\\users\\lided\\projects\\odoo\\odoo\\addons'] 
2025-11-04 16:41:46,551 13496 INFO ? odoo: database: odoo@localhost:5432 
2025-11-04 16:41:47,481 13496 INFO ? odoo.addons.base.models.ir_actions_report: You need Wkhtmltopdf to print a pdf version of the reports. 
2025-11-04 16:41:47,486 13496 INFO ? odoo.addons.base.models.ir_actions_report: You need Wkhtmltoimage to generate images from html. 
2025-11-04 16:41:52,072 13496 INFO ? odoo.service.server: HTTP service (werkzeug) running on lidede:8069 
2025-11-04 16:50:31,474 13496 INFO ? odoo.service.server: Initiating shutdown 
2025-11-04 16:50:31,501 13496 INFO ? odoo.service.server: Hit CTRL-C again or send a second signal to force the shutdown. 
2025-11-04 16:50:31,595 13496 INFO ? odoo.sql_db: ConnectionPool(read/write;used=0/count=0/max=64): Closed 2 connections  
2025-11-04 16:51:18,868 12016 INFO ? odoo: Odoo version 18.0 
2025-11-04 16:51:18,869 12016 INFO ? odoo: Using configuration file at C:\Users\lided\projects\odoo\odoo.conf 
2025-11-04 16:51:18,869 12016 INFO ? odoo: addons paths: ['C:\\Users\\lided\\projects\\odoo\\odoo\\addons', 'c:\\users\\lided\\appdata\\local\\openerp s.a\\odoo\\addons\\18.0', 'c:\\users\\lided\\projects\\odoo\\addons', 'c:\\users\\lided\\projects\\odoo\\odoo\\addons'] 
2025-11-04 16:51:18,869 12016 INFO ? odoo: database: odoo@localhost:5432 
2025-11-04 16:51:19,154 12016 INFO ? odoo.addons.base.models.ir_actions_report: You need Wkhtmltopdf to print a pdf version of the reports. 
2025-11-04 16:51:19,157 12016 INFO ? odoo.addons.base.models.ir_actions_report: You need Wkhtmltoimage to generate images from html. 
2025-11-04 16:51:21,248 12016 INFO ? odoo.service.server: HTTP service (werkzeug) running on lidede:8069 
2025-11-04 16:51:25,857 12016 INFO ? odoo.service.server: Initiating shutdown 
2025-11-04 16:51:25,857 12016 INFO ? odoo.service.server: Hit CTRL-C again or send a second signal to force the shutdown. 
2025-11-04 16:51:26,255 12016 INFO ? odoo.sql_db: ConnectionPool(read/write;used=0/count=0/max=64): Closed 2 connections  
2025-11-04 17:04:50,326 3084 INFO ? odoo: Odoo version 18.0 
2025-11-04 17:04:50,327 3084 INFO ? odoo: Using configuration file at C:\Users\lided\projects\odoo\odoo.conf 
2025-11-04 17:04:50,328 3084 INFO ? odoo: addons paths: ['C:\\Users\\lided\\projects\\odoo\\odoo\\addons', 'c:\\users\\lided\\appdata\\local\\openerp s.a\\odoo\\addons\\18.0', 'c:\\users\\lided\\projects\\odoo\\addons', 'c:\\users\\lided\\projects\\odoo\\odoo\\addons'] 
2025-11-04 17:04:50,328 3084 INFO ? odoo: database: odoo@localhost:5432 
2025-11-04 17:04:50,688 3084 INFO ? odoo.addons.base.models.ir_actions_report: You need Wkhtmltopdf to print a pdf version of the reports. 
2025-11-04 17:04:50,692 3084 INFO ? odoo.addons.base.models.ir_actions_report: You need Wkhtmltoimage to generate images from html. 
2025-11-04 17:04:52,960 3084 INFO ? odoo.service.server: HTTP service (werkzeug) running on lidede:8069 
2025-11-04 17:06:18,498 3084 INFO ? odoo.modules.loading: loading 1 modules... 
2025-11-04 17:06:18,556 3084 INFO ? odoo.modules.loading: 1 modules loaded in 0.06s, 0 queries (+0 extra) 
2025-11-04 17:06:24,629 3084 INFO ? odoo.modules.loading: loading 53 modules... 
2025-11-04 17:06:28,548 3084 INFO ? odoo.modules.loading: 53 modules loaded in 3.92s, 0 queries (+0 extra) 
2025-11-04 17:06:28,887 3084 INFO ? odoo.modules.loading: Modules loaded. 
2025-11-04 17:06:28,911 3084 INFO ? odoo.modules.registry: Registry loaded in 10.837s 
2025-11-04 17:06:28,914 3084 INFO vendai_db odoo.addons.base.models.ir_http: Generating routing map for key None 
2025-11-04 17:06:28,995 3084 INFO vendai_db werkzeug: 127.0.0.1 - - [04/Nov/2025 17:06:28] "GET / HTTP/1.1" 303 - 20 0.407 10.844
2025-11-04 17:06:29,428 3084 INFO vendai_db werkzeug: 127.0.0.1 - - [04/Nov/2025 17:06:29] "GET /odoo HTTP/1.1" 303 - 2 0.014 0.096
2025-11-04 17:06:31,164 3084 INFO vendai_db werkzeug: 127.0.0.1 - - [04/Nov/2025 17:06:31] "GET /web/login?redirect=/odoo? HTTP/1.1" 200 - 62 0.211 1.363
2025-11-04 17:06:53,282 3084 ERROR ? odoo.http: Exception during request handling. 
Traceback (most recent call last):
  File "C:\Users\lided\projects\odoo\odoo\modules\module.py", line 343, in load_manifest
    manifest['version'] = adapt_version(manifest['version'])
                          ~~~~~~~~~~~~~^^^^^^^^^^^^^^^^^^^^^
  File "C:\Users\lided\projects\odoo\odoo\modules\module.py", line 463, in adapt_version
    raise ValueError(f"Invalid version {base_version!r}. Modules should have a version in format `x.y`, `x.y.z`,"
                     f" `{serie}.x.y` or `{serie}.x.y.z`.")
ValueError: Invalid version '17.0.1.0.0'. Modules should have a version in format `x.y`, `x.y.z`, `18.0.x.y` or `18.0.x.y.z`.

The above exception was the direct cause of the following exception:

Traceback (most recent call last):
  File "C:\Users\lided\projects\odoo\odoo\http.py", line 2549, in __call__
    if self.get_static_file(httprequest.path):
       ~~~~~~~~~~~~~~~~~~~~^^^^^^^^^^^^^^^^^^
  File "C:\Users\lided\projects\odoo\odoo\http.py", line 2448, in get_static_file
    if (module not in self.statics or static != 'static' or not resource):
                      ^^^^^^^^^^^^
  File "C:\Users\lided\projects\odoo\odoo\tools\func.py", line 42, in __get__
    value = self.fget(obj)
  File "C:\Users\lided\projects\odoo\odoo\http.py", line 2418, in statics
    manifest = get_manifest(module)
  File "C:\Users\lided\projects\odoo\odoo\modules\module.py", line 363, in get_manifest
    return copy.deepcopy(_get_manifest_cached(module, mod_path))
                         ~~~~~~~~~~~~~~~~~~~~^^^^^^^^^^^^^^^^^^
  File "C:\Users\lided\projects\odoo\odoo\modules\module.py", line 367, in _get_manifest_cached
    return load_manifest(module, mod_path)
  File "C:\Users\lided\projects\odoo\odoo\modules\module.py", line 346, in load_manifest
    raise ValueError(f"Module {module}: invalid manifest") from e
ValueError: Module vendai_finance: invalid manifest
2025-11-04 17:06:53,284 3084 ERROR ? odoo.http: Exception during request handling. 
Traceback (most recent call last):
  File "C:\Users\lided\projects\odoo\odoo\modules\module.py", line 343, in load_manifest
    manifest['version'] = adapt_version(manifest['version'])
                          ~~~~~~~~~~~~~^^^^^^^^^^^^^^^^^^^^^
  File "C:\Users\lided\projects\odoo\odoo\modules\module.py", line 463, in adapt_version
    raise ValueError(f"Invalid version {base_version!r}. Modules should have a version in format `x.y`, `x.y.z`,"
                     f" `{serie}.x.y` or `{serie}.x.y.z`.")
ValueError: Invalid version '17.0.1.0.0'. Modules should have a version in format `x.y`, `x.y.z`, `18.0.x.y` or `18.0.x.y.z`.

The above exception was the direct cause of the following exception:

Traceback (most recent call last):
  File "C:\Users\lided\projects\odoo\odoo\http.py", line 2549, in __call__
    if self.get_static_file(httprequest.path):
       ~~~~~~~~~~~~~~~~~~~~^^^^^^^^^^^^^^^^^^
  File "C:\Users\lided\projects\odoo\odoo\http.py", line 2448, in get_static_file
    if (module not in self.statics or static != 'static' or not resource):
                      ^^^^^^^^^^^^
  File "C:\Users\lided\projects\odoo\odoo\tools\func.py", line 42, in __get__
    value = self.fget(obj)
  File "C:\Users\lided\projects\odoo\odoo\http.py", line 2418, in statics
    manifest = get_manifest(module)
  File "C:\Users\lided\projects\odoo\odoo\modules\module.py", line 363, in get_manifest
    return copy.deepcopy(_get_manifest_cached(module, mod_path))
                         ~~~~~~~~~~~~~~~~~~~~^^^^^^^^^^^^^^^^^^
  File "C:\Users\lided\projects\odoo\odoo\modules\module.py", line 367, in _get_manifest_cached
    return load_manifest(module, mod_path)
  File "C:\Users\lided\projects\odoo\odoo\modules\module.py", line 346, in load_manifest
    raise ValueError(f"Module {module}: invalid manifest") from e
ValueError: Module vendai_finance: invalid manifest
2025-11-04 17:06:53,284 3084 ERROR ? odoo.http: Exception during request handling. 
Traceback (most recent call last):
  File "C:\Users\lided\projects\odoo\odoo\modules\module.py", line 343, in load_manifest
    manifest['version'] = adapt_version(manifest['version'])
                          ~~~~~~~~~~~~~^^^^^^^^^^^^^^^^^^^^^
  File "C:\Users\lided\projects\odoo\odoo\modules\module.py", line 463, in adapt_version
    raise ValueError(f"Invalid version {base_version!r}. Modules should have a version in format `x.y`, `x.y.z`,"
                     f" `{serie}.x.y` or `{serie}.x.y.z`.")
ValueError: Invalid version '17.0.1.0.0'. Modules should have a version in format `x.y`, `x.y.z`, `18.0.x.y` or `18.0.x.y.z`.

The above exception was the direct cause of the following exception:

Traceback (most recent call last):
  File "C:\Users\lided\projects\odoo\odoo\http.py", line 2549, in __call__
    if self.get_static_file(httprequest.path):
       ~~~~~~~~~~~~~~~~~~~~^^^^^^^^^^^^^^^^^^
  File "C:\Users\lided\projects\odoo\odoo\http.py", line 2448, in get_static_file
    if (module not in self.statics or static != 'static' or not resource):
                      ^^^^^^^^^^^^
  File "C:\Users\lided\projects\odoo\odoo\tools\func.py", line 42, in __get__
    value = self.fget(obj)
  File "C:\Users\lided\projects\odoo\odoo\http.py", line 2418, in statics
    manifest = get_manifest(module)
  File "C:\Users\lided\projects\odoo\odoo\modules\module.py", line 363, in get_manifest
    return copy.deepcopy(_get_manifest_cached(module, mod_path))
                         ~~~~~~~~~~~~~~~~~~~~^^^^^^^^^^^^^^^^^^
  File "C:\Users\lided\projects\odoo\odoo\modules\module.py", line 367, in _get_manifest_cached
    return load_manifest(module, mod_path)
  File "C:\Users\lided\projects\odoo\odoo\modules\module.py", line 346, in load_manifest
    raise ValueError(f"Module {module}: invalid manifest") from e
ValueError: Module vendai_finance: invalid manifest
2025-11-04 17:06:53,390 3084 INFO ? werkzeug: 127.0.0.1 - - [04/Nov/2025 17:06:53] "GET /web/assets/45f3f09/web.assets_frontend.min.css HTTP/1.1" 500 - 1 0.013 21.780
2025-11-04 17:06:53,394 3084 INFO ? werkzeug: 127.0.0.1 - - [04/Nov/2025 17:06:53] "GET /web/binary/company_logo HTTP/1.1" 500 - 1 0.012 21.781
2025-11-04 17:06:53,397 3084 INFO ? werkzeug: 127.0.0.1 - - [04/Nov/2025 17:06:53] "GET /web/static/src/libs/fontawesome/fonts/fontawesome-webfont.woff2?v=4.7.0 HTTP/1.1" 500 - 1 0.017 22.094
2025-11-04 17:06:53,643 3084 INFO vendai_db odoo.addons.base.models.ir_cron: Job 'Base: Auto-vacuum internal data' (1) starting 
2025-11-04 17:06:53,903 3084 INFO vendai_db odoo.addons.base.models.ir_attachment: filestore gc 0 checked, 0 removed 
2025-11-04 17:06:53,914 3084 ERROR ? odoo.http: Exception during request handling. 
Traceback (most recent call last):
  File "C:\Users\lided\projects\odoo\odoo\modules\module.py", line 343, in load_manifest
    manifest['version'] = adapt_version(manifest['version'])
                          ~~~~~~~~~~~~~^^^^^^^^^^^^^^^^^^^^^
  File "C:\Users\lided\projects\odoo\odoo\modules\module.py", line 463, in adapt_version
    raise ValueError(f"Invalid version {base_version!r}. Modules should have a version in format `x.y`, `x.y.z`,"
                     f" `{serie}.x.y` or `{serie}.x.y.z`.")
ValueError: Invalid version '17.0.1.0.0'. Modules should have a version in format `x.y`, `x.y.z`, `18.0.x.y` or `18.0.x.y.z`.

The above exception was the direct cause of the following exception:

Traceback (most recent call last):
  File "C:\Users\lided\projects\odoo\odoo\http.py", line 2549, in __call__
    if self.get_static_file(httprequest.path):
       ~~~~~~~~~~~~~~~~~~~~^^^^^^^^^^^^^^^^^^
  File "C:\Users\lided\projects\odoo\odoo\http.py", line 2448, in get_static_file
    if (module not in self.statics or static != 'static' or not resource):
                      ^^^^^^^^^^^^
  File "C:\Users\lided\projects\odoo\odoo\tools\func.py", line 42, in __get__
    value = self.fget(obj)
  File "C:\Users\lided\projects\odoo\odoo\http.py", line 2418, in statics
    manifest = get_manifest(module)
  File "C:\Users\lided\projects\odoo\odoo\modules\module.py", line 363, in get_manifest
    return copy.deepcopy(_get_manifest_cached(module, mod_path))
                         ~~~~~~~~~~~~~~~~~~~~^^^^^^^^^^^^^^^^^^
  File "C:\Users\lided\projects\odoo\odoo\modules\module.py", line 367, in _get_manifest_cached
    return load_manifest(module, mod_path)
  File "C:\Users\lided\projects\odoo\odoo\modules\module.py", line 346, in load_manifest
    raise ValueError(f"Module {module}: invalid manifest") from e
ValueError: Module vendai_finance: invalid manifest
2025-11-04 17:06:53,926 3084 INFO ? werkzeug: 127.0.0.1 - - [04/Nov/2025 17:06:53] "GET /web/assets/a48e0b4/web.assets_frontend_minimal.min.js HTTP/1.1" 500 - 1 0.013 0.194
2025-11-04 17:06:53,961 3084 INFO vendai_db odoo.models.unlink: User #1 deleted ir.cron.progress records with IDs: [1, 2, 3, 4, 5, 6, 7, 8, 9, 10, 11, 12, 13, 14, 15, 16, 17, 18, 19, 20, 21, 22, 23, 24, 25, 26, 27, 28, 29, 30, 31, 32, 33, 34, 35, 36, 37, 38, 39, 40, 41, 42, 43, 44, 45, 46, 47, 48, 49, 50, 51, 52] 
2025-11-04 17:06:54,099 3084 INFO vendai_db odoo.addons.base.models.res_users: GC'd 0 user log entries 
2025-11-04 17:06:54,132 3084 INFO vendai_db odoo.addons.base.models.res_users: GC 'res.users.apikeys' delete 0 entries 
2025-11-04 17:06:54,157 3084 INFO vendai_db odoo.addons.base.models.res_device: GC device logs delete 0 entries 
2025-11-04 17:06:54,160 3084 INFO vendai_db odoo.addons.base.models.res_device: GC device logs delete 0 entries 
2025-11-04 17:06:54,231 3084 INFO vendai_db odoo.addons.base.models.res_users: GC 'auth_totp.device' delete 0 entries 
2025-11-04 17:06:54,495 3084 ERROR ? odoo.http: Exception during request handling. 
Traceback (most recent call last):
  File "C:\Users\lided\projects\odoo\odoo\modules\module.py", line 343, in load_manifest
    manifest['version'] = adapt_version(manifest['version'])
                          ~~~~~~~~~~~~~^^^^^^^^^^^^^^^^^^^^^
  File "C:\Users\lided\projects\odoo\odoo\modules\module.py", line 463, in adapt_version
    raise ValueError(f"Invalid version {base_version!r}. Modules should have a version in format `x.y`, `x.y.z`,"
                     f" `{serie}.x.y` or `{serie}.x.y.z`.")
ValueError: Invalid version '17.0.1.0.0'. Modules should have a version in format `x.y`, `x.y.z`, `18.0.x.y` or `18.0.x.y.z`.

The above exception was the direct cause of the following exception:

Traceback (most recent call last):
  File "C:\Users\lided\projects\odoo\odoo\http.py", line 2549, in __call__
    if self.get_static_file(httprequest.path):
       ~~~~~~~~~~~~~~~~~~~~^^^^^^^^^^^^^^^^^^
  File "C:\Users\lided\projects\odoo\odoo\http.py", line 2448, in get_static_file
    if (module not in self.statics or static != 'static' or not resource):
                      ^^^^^^^^^^^^
  File "C:\Users\lided\projects\odoo\odoo\tools\func.py", line 42, in __get__
    value = self.fget(obj)
  File "C:\Users\lided\projects\odoo\odoo\http.py", line 2418, in statics
    manifest = get_manifest(module)
  File "C:\Users\lided\projects\odoo\odoo\modules\module.py", line 363, in get_manifest
    return copy.deepcopy(_get_manifest_cached(module, mod_path))
                         ~~~~~~~~~~~~~~~~~~~~^^^^^^^^^^^^^^^^^^
  File "C:\Users\lided\projects\odoo\odoo\modules\module.py", line 367, in _get_manifest_cached
    return load_manifest(module, mod_path)
  File "C:\Users\lided\projects\odoo\odoo\modules\module.py", line 346, in load_manifest
    raise ValueError(f"Module {module}: invalid manifest") from e
ValueError: Module vendai_finance: invalid manifest
2025-11-04 17:06:54,501 3084 INFO ? werkzeug: 127.0.0.1 - - [04/Nov/2025 17:06:54] "GET /web/static/img/favicon.ico HTTP/1.1" 500 - 1 0.016 0.320
2025-11-04 17:06:54,624 3084 INFO vendai_db odoo.addons.sms.models.sms_sms: GC'd 0 sms marked for deletion 
2025-11-04 17:06:55,067 3084 INFO vendai_db odoo.addons.base.models.ir_cron: Job 'Base: Auto-vacuum internal data' (1) done in 1.424s 
2025-11-04 17:06:55,076 3084 INFO vendai_db odoo.addons.base.models.ir_cron: Job 'Base: Auto-vacuum internal data' (1) processed 0 records, 0 records remaining 
2025-11-04 17:06:55,153 3084 INFO vendai_db odoo.addons.base.models.ir_cron: Job 'Base: Auto-vacuum internal data' (1) completed 
2025-11-04 17:06:55,174 3084 INFO vendai_db odoo.addons.base.models.ir_cron: Job 'Notification: Delete Notifications older than 6 Month' (5) starting 
2025-11-04 17:06:55,244 3084 INFO vendai_db odoo.addons.base.models.ir_cron: Job 'Notification: Delete Notifications older than 6 Month' (5) done in 0.070s 
2025-11-04 17:06:55,249 3084 INFO vendai_db odoo.addons.base.models.ir_cron: Job 'Notification: Delete Notifications older than 6 Month' (5) processed 0 records, 0 records remaining 
2025-11-04 17:06:55,257 3084 INFO vendai_db odoo.addons.base.models.ir_cron: Job 'Notification: Delete Notifications older than 6 Month' (5) completed 
2025-11-04 17:06:55,269 3084 INFO vendai_db odoo.addons.base.models.ir_cron: Job 'Mail: Post scheduled messages' (7) starting 
2025-11-04 17:06:55,279 3084 INFO vendai_db odoo.addons.mail.models.mail_scheduled_message: Posting 0 scheduled messages 
2025-11-04 17:06:55,281 3084 INFO vendai_db odoo.addons.base.models.ir_cron: Job 'Mail: Post scheduled messages' (7) done in 0.012s 
2025-11-04 17:06:55,285 3084 INFO vendai_db odoo.addons.base.models.ir_cron: Job 'Mail: Post scheduled messages' (7) processed 0 records, 0 records remaining 
2025-11-04 17:06:55,291 3084 INFO vendai_db odoo.addons.base.models.ir_cron: Job 'Mail: Post scheduled messages' (7) completed 
2025-11-04 17:06:55,303 3084 INFO vendai_db odoo.addons.base.models.ir_cron: Job 'Mail: send web push notification' (9) starting 
2025-11-04 17:06:55,312 3084 INFO vendai_db odoo.addons.base.models.ir_cron: Job 'Mail: send web push notification' (9) done in 0.009s 
2025-11-04 17:06:55,317 3084 INFO vendai_db odoo.addons.base.models.ir_cron: Job 'Mail: send web push notification' (9) processed 0 records, 0 records remaining 
2025-11-04 17:06:55,328 3084 INFO vendai_db odoo.addons.base.models.ir_cron: Job 'Mail: send web push notification' (9) completed 
2025-11-04 17:06:55,340 3084 INFO vendai_db odoo.addons.base.models.ir_cron: Job 'Discuss: channel member unmute' (10) starting 
2025-11-04 17:06:55,345 3084 INFO vendai_db odoo.addons.base.models.ir_cron: Job 'Discuss: channel member unmute' (10) done in 0.005s 
2025-11-04 17:06:55,349 3084 INFO vendai_db odoo.addons.base.models.ir_cron: Job 'Discuss: channel member unmute' (10) processed 0 records, 0 records remaining 
2025-11-04 17:06:55,356 3084 INFO vendai_db odoo.addons.base.models.ir_cron: Job 'Discuss: channel member unmute' (10) completed 
2025-11-04 17:06:55,547 3084 INFO vendai_db odoo.addons.base.models.ir_cron: Job 'Discuss: users settings unmute' (11) starting 
2025-11-04 17:06:55,563 3084 INFO vendai_db odoo.addons.base.models.ir_cron: Job 'Discuss: users settings unmute' (11) done in 0.014s 
2025-11-04 17:06:55,568 3084 INFO vendai_db odoo.addons.base.models.ir_cron: Job 'Discuss: users settings unmute' (11) processed 0 records, 0 records remaining 
2025-11-04 17:06:55,569 3084 INFO vendai_db odoo.addons.base.models.ir_cron: Job 'Account: Post draft entries with auto_post enabled and accounting date up to today' (18) starting 
2025-11-04 17:06:55,578 3084 INFO vendai_db odoo.addons.base.models.ir_cron: Job 'Discuss: users settings unmute' (11) completed 
2025-11-04 17:06:55,595 3084 INFO vendai_db odoo.addons.base.models.ir_cron: Job 'Send invoices automatically' (19) starting 
2025-11-04 17:06:55,656 3084 INFO vendai_db odoo.addons.base.models.ir_cron: Job 'Send invoices automatically' (19) done in 0.061s 
2025-11-04 17:06:55,661 3084 INFO vendai_db odoo.addons.base.models.ir_cron: Job 'Send invoices automatically' (19) processed 0 records, 0 records remaining 
2025-11-04 17:06:55,673 3084 INFO vendai_db odoo.addons.base.models.ir_cron: Job 'Send invoices automatically' (19) completed 
2025-11-04 17:06:55,688 3084 INFO vendai_db odoo.addons.base.models.ir_cron: Job 'Procurement: run scheduler' (20) starting 
2025-11-04 17:06:55,731 3084 INFO vendai_db odoo.addons.base.models.ir_cron: Job 'Account: Post draft entries with auto_post enabled and accounting date up to today' (18) done in 0.161s 
2025-11-04 17:06:55,742 3084 INFO vendai_db odoo.addons.base.models.ir_cron: Job 'Account: Post draft entries with auto_post enabled and accounting date up to today' (18) processed 0 records, 0 records remaining 
2025-11-04 17:06:55,822 3084 INFO vendai_db odoo.addons.base.models.ir_cron: Job 'Account: Post draft entries with auto_post enabled and accounting date up to today' (18) completed 
2025-11-04 17:06:55,880 3084 INFO vendai_db odoo.addons.base.models.ir_cron: Job 'Purchase reminder' (21) starting 
2025-11-04 17:06:55,976 3084 INFO vendai_db odoo.addons.base.models.ir_cron: Job 'Procurement: run scheduler' (20) done in 0.287s 
2025-11-04 17:06:55,982 3084 INFO vendai_db odoo.addons.base.models.ir_cron: Job 'Procurement: run scheduler' (20) processed 4 records, 0 records remaining 
2025-11-04 17:06:55,985 3084 INFO vendai_db odoo.addons.base.models.ir_cron: Job 'Purchase reminder' (21) done in 0.105s 
2025-11-04 17:06:55,994 3084 INFO vendai_db odoo.addons.base.models.ir_cron: Job 'Procurement: run scheduler' (20) completed 
2025-11-04 17:06:55,997 3084 INFO vendai_db odoo.addons.base.models.ir_cron: Job 'Purchase reminder' (21) processed 0 records, 0 records remaining 
2025-11-04 17:06:56,009 3084 INFO vendai_db odoo.addons.base.models.ir_cron: Job 'Purchase reminder' (21) completed 
2025-11-04 17:06:56,023 3084 INFO vendai_db odoo.addons.base.models.ir_cron: Job 'Users: Notify About Unregistered Users' (12) starting 
2025-11-04 17:06:56,038 3084 INFO vendai_db odoo.addons.base.models.ir_cron: Job 'Base: Portal Users Deletion' (2) starting 
2025-11-04 17:06:56,053 3084 INFO vendai_db odoo.addons.base.models.ir_cron: Job 'Users: Notify About Unregistered Users' (12) done in 0.027s 
2025-11-04 17:06:56,059 3084 INFO vendai_db odoo.addons.base.models.ir_cron: Job 'Base: Portal Users Deletion' (2) done in 0.020s 
2025-11-04 17:06:56,061 3084 INFO vendai_db odoo.addons.base.models.ir_cron: Job 'Users: Notify About Unregistered Users' (12) processed 0 records, 0 records remaining 
2025-11-04 17:06:56,072 3084 INFO vendai_db odoo.addons.base.models.ir_cron: Job 'Base: Portal Users Deletion' (2) processed 0 records, 0 records remaining 
2025-11-04 17:06:56,074 3084 INFO vendai_db odoo.addons.base.models.ir_cron: Job 'Users: Notify About Unregistered Users' (12) completed 
2025-11-04 17:06:56,086 3084 INFO vendai_db odoo.addons.base.models.ir_cron: Job 'Base: Portal Users Deletion' (2) completed 
2025-11-04 17:06:56,102 3084 INFO vendai_db odoo.addons.base.models.ir_cron: Job 'Publisher: Update Notification' (4) starting 
2025-11-04 17:06:56,113 3084 INFO vendai_db odoo.addons.base.models.ir_cron: Job 'Digest Emails' (16) starting 
2025-11-04 17:06:56,961 3084 INFO vendai_db werkzeug: 127.0.0.1 - - [04/Nov/2025 17:06:56] "GET /web/service-worker.js HTTP/1.1" 200 - 3 0.016 0.456
2025-11-04 17:06:57,098 3084 INFO vendai_db odoo.addons.base.models.ir_cron: Job 'Digest Emails' (16) done in 0.985s 
2025-11-04 17:06:57,107 3084 INFO vendai_db odoo.addons.base.models.ir_cron: Job 'Digest Emails' (16) processed 0 records, 0 records remaining 
2025-11-04 17:06:57,119 3084 INFO vendai_db odoo.addons.base.models.ir_cron: Job 'Digest Emails' (16) completed 
2025-11-04 17:06:57,140 3084 INFO vendai_db odoo.addons.base.models.ir_cron: Job 'Notification: Notify scheduled messages' (8) starting 
2025-11-04 17:06:57,168 3084 INFO vendai_db odoo.addons.base.models.ir_cron: Job 'Notification: Notify scheduled messages' (8) done in 0.028s 
2025-11-04 17:06:57,187 3084 INFO vendai_db odoo.addons.base.models.ir_cron: Job 'Notification: Notify scheduled messages' (8) processed 0 records, 0 records remaining 
2025-11-04 17:06:57,219 3084 INFO vendai_db odoo.addons.base.models.ir_cron: Job 'Notification: Notify scheduled messages' (8) completed 
2025-11-04 17:06:57,258 3084 INFO vendai_db odoo.addons.base.models.ir_cron: Job 'SMS: SMS Queue Manager' (14) starting 
2025-11-04 17:06:57,278 3084 INFO vendai_db odoo.addons.base.models.ir_cron: Job 'SMS: SMS Queue Manager' (14) done in 0.019s 
2025-11-04 17:06:57,295 3084 INFO vendai_db odoo.addons.base.models.ir_cron: Job 'SMS: SMS Queue Manager' (14) processed 0 records, 0 records remaining 
2025-11-04 17:06:57,317 3084 INFO vendai_db odoo.addons.base.models.ir_cron: Job 'SMS: SMS Queue Manager' (14) completed 
2025-11-04 17:06:57,426 3084 INFO vendai_db odoo.addons.base.models.ir_cron: Job 'Snailmail: process letters queue' (15) starting 
2025-11-04 17:06:57,499 3084 INFO vendai_db odoo.addons.base.models.ir_cron: Job 'Publisher: Update Notification' (4) done in 1.397s 
2025-11-04 17:06:57,515 3084 INFO vendai_db odoo.addons.base.models.ir_cron: Job 'Publisher: Update Notification' (4) processed 0 records, 0 records remaining 
2025-11-04 17:06:57,526 3084 INFO vendai_db odoo.addons.base.models.ir_cron: Job 'Publisher: Update Notification' (4) completed 
2025-11-04 17:06:57,529 3084 INFO vendai_db odoo.addons.base.models.ir_cron: Job 'Snailmail: process letters queue' (15) done in 0.102s 
2025-11-04 17:06:57,549 3084 INFO vendai_db odoo.addons.base.models.ir_cron: Job 'Snailmail: process letters queue' (15) processed 0 records, 0 records remaining 
2025-11-04 17:06:57,575 3084 INFO vendai_db odoo.addons.base.models.ir_cron: Job 'Snailmail: process letters queue' (15) completed 
2025-11-04 17:06:57,594 3084 INFO vendai_db odoo.addons.base.models.ir_cron: Job 'Mail: Email Queue Manager' (3) starting 
2025-11-04 17:06:57,624 3084 INFO vendai_db odoo.addons.base.models.ir_cron: Job 'Partner Autocomplete: Sync with remote DB' (13) starting 
2025-11-04 17:06:57,633 3084 INFO vendai_db odoo.addons.base.models.ir_cron: Job 'Partner Autocomplete: Sync with remote DB' (13) done in 0.008s 
2025-11-04 17:06:57,659 3084 INFO vendai_db odoo.addons.base.models.ir_cron: Job 'Partner Autocomplete: Sync with remote DB' (13) processed 0 records, 0 records remaining 
2025-11-04 17:06:57,730 3084 INFO vendai_db odoo.addons.base.models.ir_cron: Job 'Partner Autocomplete: Sync with remote DB' (13) completed 
2025-11-04 17:07:01,779 3084 INFO vendai_db odoo.addons.base.models.ir_cron: Job 'Mail: Email Queue Manager' (3) done in 4.185s 
2025-11-04 17:07:01,788 3084 INFO vendai_db odoo.addons.base.models.ir_cron: Job 'Mail: Email Queue Manager' (3) processed 0 records, 0 records remaining 
2025-11-04 17:07:01,811 3084 INFO vendai_db odoo.addons.base.models.ir_cron: Job 'Mail: Email Queue Manager' (3) completed 
2025-11-04 17:07:30,392 3084 INFO vendai_db werkzeug: 127.0.0.1 - - [04/Nov/2025 17:07:30] "GET /web/service-worker.js HTTP/1.1" 200 - 3 0.037 0.172
2025-11-04 17:17:02,681 3084 INFO vendai_db odoo.addons.base.models.ir_cron: Job 'Notification: Notify scheduled messages' (8) starting 
2025-11-04 17:17:02,812 3084 INFO vendai_db odoo.addons.base.models.ir_cron: Job 'Notification: Notify scheduled messages' (8) done in 0.121s 
2025-11-04 17:17:02,831 3084 INFO vendai_db odoo.addons.base.models.ir_cron: Job 'Notification: Notify scheduled messages' (8) processed 0 records, 0 records remaining 
2025-11-04 17:17:02,913 3084 INFO vendai_db odoo.addons.base.models.ir_cron: Job 'Notification: Notify scheduled messages' (8) completed 
2025-11-04 17:17:02,940 3084 INFO vendai_db odoo.addons.base.models.ir_cron: Job 'Mail: Email Queue Manager' (3) starting 
2025-11-04 17:17:03,010 3084 INFO vendai_db odoo.addons.base.models.ir_cron: Job 'Mail: Email Queue Manager' (3) done in 0.070s 
2025-11-04 17:17:03,017 3084 INFO vendai_db odoo.addons.base.models.ir_cron: Job 'Mail: Email Queue Manager' (3) processed 0 records, 0 records remaining 
2025-11-04 17:17:03,023 3084 INFO vendai_db odoo.addons.base.models.ir_cron: Job 'Mail: Email Queue Manager' (3) completed 
2025-11-04 17:18:03,041 3084 INFO vendai_db odoo.addons.base.models.ir_cron: Job 'SMS: SMS Queue Manager' (14) starting 
2025-11-04 17:18:03,109 3084 INFO vendai_db odoo.addons.base.models.ir_cron: Job 'SMS: SMS Queue Manager' (14) done in 0.067s 
2025-11-04 17:18:03,112 3084 INFO vendai_db odoo.addons.base.models.ir_cron: Job 'SMS: SMS Queue Manager' (14) processed 0 records, 0 records remaining 
2025-11-04 17:18:03,116 3084 INFO vendai_db odoo.addons.base.models.ir_cron: Job 'SMS: SMS Queue Manager' (14) completed 
2025-11-04 17:18:03,124 3084 INFO vendai_db odoo.addons.base.models.ir_cron: Job 'Snailmail: process letters queue' (15) starting 
2025-11-04 17:18:03,136 3084 INFO vendai_db odoo.addons.base.models.ir_cron: Job 'Snailmail: process letters queue' (15) done in 0.012s 
2025-11-04 17:18:03,140 3084 INFO vendai_db odoo.addons.base.models.ir_cron: Job 'Snailmail: process letters queue' (15) processed 0 records, 0 records remaining 
2025-11-04 17:18:03,144 3084 INFO vendai_db odoo.addons.base.models.ir_cron: Job 'Snailmail: process letters queue' (15) completed 
2025-11-04 17:18:03,154 3084 INFO vendai_db odoo.addons.base.models.ir_cron: Job 'Partner Autocomplete: Sync with remote DB' (13) starting 
2025-11-04 17:18:03,161 3084 INFO vendai_db odoo.addons.base.models.ir_cron: Job 'Partner Autocomplete: Sync with remote DB' (13) done in 0.007s 
2025-11-04 17:18:03,165 3084 INFO vendai_db odoo.addons.base.models.ir_cron: Job 'Partner Autocomplete: Sync with remote DB' (13) processed 0 records, 0 records remaining 
2025-11-04 17:18:03,170 3084 INFO vendai_db odoo.addons.base.models.ir_cron: Job 'Partner Autocomplete: Sync with remote DB' (13) completed 
2025-11-04 17:53:36,785 3084 INFO ? odoo.service.server: Initiating shutdown 
2025-11-04 17:53:36,800 3084 INFO ? odoo.service.server: Hit CTRL-C again or send a second signal to force the shutdown. 
2025-11-04 17:53:37,065 3084 INFO ? odoo.sql_db: ConnectionPool(read/write;used=0/count=0/max=64): Closed 3 connections  
2025-11-04 17:53:46,079 20500 INFO ? odoo: Odoo version 18.0 
2025-11-04 17:53:46,080 20500 INFO ? odoo: Using configuration file at C:\Users\lided\projects\odoo\odoo.conf 
2025-11-04 17:53:46,080 20500 INFO ? odoo: addons paths: ['C:\\Users\\lided\\projects\\odoo\\odoo\\addons', 'c:\\users\\lided\\appdata\\local\\openerp s.a\\odoo\\addons\\18.0', 'c:\\users\\lided\\projects\\odoo\\addons', 'c:\\users\\lided\\projects\\odoo\\odoo\\addons'] 
2025-11-04 17:53:46,080 20500 INFO ? odoo: database: odoo@False:5432 
2025-11-04 17:53:46,326 20500 INFO ? odoo.addons.base.models.ir_actions_report: You need Wkhtmltopdf to print a pdf version of the reports. 
2025-11-04 17:53:46,329 20500 INFO ? odoo.addons.base.models.ir_actions_report: You need Wkhtmltoimage to generate images from html. 
2025-11-04 17:53:48,545 20500 INFO ? odoo.service.server: HTTP service (werkzeug) running on lidede:8069 
2025-11-04 17:53:55,742 20500 INFO ? odoo.sql_db: Connection to the database failed 
2025-11-04 17:53:58,409 20500 INFO ? odoo.sql_db: Connection to the database failed 
2025-11-04 17:54:10,356 20500 INFO ? odoo.service.server: Initiating shutdown 
2025-11-04 17:54:10,356 20500 INFO ? odoo.service.server: Hit CTRL-C again or send a second signal to force the shutdown. 
2025-11-04 17:54:43,561 6084 INFO ? odoo: Odoo version 18.0 
2025-11-04 17:54:43,562 6084 INFO ? odoo: Using configuration file at C:\Users\lided\projects\odoo\odoo.conf 
2025-11-04 17:54:43,562 6084 INFO ? odoo: addons paths: ['C:\\Users\\lided\\projects\\odoo\\odoo\\addons', 'c:\\users\\lided\\appdata\\local\\openerp s.a\\odoo\\addons\\18.0', 'c:\\users\\lided\\projects\\odoo\\addons', 'c:\\users\\lided\\projects\\odoo\\odoo\\addons'] 
2025-11-04 17:54:43,562 6084 INFO ? odoo: database: odoo@False:5432 
2025-11-04 17:54:43,798 6084 INFO ? odoo.addons.base.models.ir_actions_report: You need Wkhtmltopdf to print a pdf version of the reports. 
2025-11-04 17:54:43,801 6084 INFO ? odoo.addons.base.models.ir_actions_report: You need Wkhtmltoimage to generate images from html. 
2025-11-04 17:54:45,615 6084 INFO ? odoo.service.server: HTTP service (werkzeug) running on lidede:8069 
2025-11-04 17:54:52,813 6084 INFO ? odoo.sql_db: Connection to the database failed 
2025-11-04 17:54:55,483 6084 INFO ? odoo.sql_db: Connection to the database failed 
2025-11-04 17:55:03,112 6084 INFO ? odoo.sql_db: Connection to the database failed 
2025-11-04 17:55:03,129 6084 INFO ? werkzeug: 127.0.0.1 - - [04/Nov/2025 17:55:03] "GET / HTTP/1.1" 303 - 0 0.000 2.689
2025-11-04 17:55:05,821 6084 INFO ? odoo.sql_db: Connection to the database failed 
2025-11-04 17:55:13,009 6084 INFO ? odoo.sql_db: Connection to the database failed 
2025-11-04 17:55:13,010 6084 INFO ? werkzeug: 127.0.0.1 - - [04/Nov/2025 17:55:13] "GET /odoo HTTP/1.1" 303 - 0 0.000 9.855
2025-11-04 17:55:16,039 6084 INFO ? odoo.sql_db: Connection to the database failed 
2025-11-04 17:55:16,975 6084 ERROR ? odoo.http: Exception during request handling. 
Traceback (most recent call last):
  File "C:\Users\lided\projects\odoo\odoo\modules\module.py", line 343, in load_manifest
    manifest['version'] = adapt_version(manifest['version'])
                          ~~~~~~~~~~~~~^^^^^^^^^^^^^^^^^^^^^
  File "C:\Users\lided\projects\odoo\odoo\modules\module.py", line 463, in adapt_version
    raise ValueError(f"Invalid version {base_version!r}. Modules should have a version in format `x.y`, `x.y.z`,"
                     f" `{serie}.x.y` or `{serie}.x.y.z`.")
ValueError: Invalid version '17.0.1.0.0'. Modules should have a version in format `x.y`, `x.y.z`, `18.0.x.y` or `18.0.x.y.z`.

The above exception was the direct cause of the following exception:

Traceback (most recent call last):
  File "C:\Users\lided\projects\odoo\odoo\http.py", line 2549, in __call__
    if self.get_static_file(httprequest.path):
       ~~~~~~~~~~~~~~~~~~~~^^^^^^^^^^^^^^^^^^
  File "C:\Users\lided\projects\odoo\odoo\http.py", line 2448, in get_static_file
    if (module not in self.statics or static != 'static' or not resource):
                      ^^^^^^^^^^^^
  File "C:\Users\lided\projects\odoo\odoo\tools\func.py", line 42, in __get__
    value = self.fget(obj)
  File "C:\Users\lided\projects\odoo\odoo\http.py", line 2418, in statics
    manifest = get_manifest(module)
  File "C:\Users\lided\projects\odoo\odoo\modules\module.py", line 363, in get_manifest
    return copy.deepcopy(_get_manifest_cached(module, mod_path))
                         ~~~~~~~~~~~~~~~~~~~~^^^^^^^^^^^^^^^^^^
  File "C:\Users\lided\projects\odoo\odoo\modules\module.py", line 367, in _get_manifest_cached
    return load_manifest(module, mod_path)
  File "C:\Users\lided\projects\odoo\odoo\modules\module.py", line 346, in load_manifest
    raise ValueError(f"Module {module}: invalid manifest") from e
ValueError: Module vendai_finance: invalid manifest
2025-11-04 17:55:16,982 6084 INFO ? werkzeug: 127.0.0.1 - - [04/Nov/2025 17:55:16] "GET /web/database/selector HTTP/1.1" 500 - 0 0.000 3.614
2025-11-04 17:55:20,509 6084 INFO ? odoo.sql_db: Connection to the database failed 
2025-11-04 17:55:20,510 6084 INFO ? werkzeug: 127.0.0.1 - - [04/Nov/2025 17:55:20] "GET /favicon.ico HTTP/1.1" 404 - 0 0.000 2.668
2025-11-04 17:55:23,175 6084 INFO ? odoo.sql_db: Connection to the database failed 
2025-11-04 17:55:23,176 6084 INFO ? werkzeug: 127.0.0.1 - - [04/Nov/2025 17:55:23] "GET /web/service-worker.js HTTP/1.1" 404 - 0 0.000 4.112
2025-11-04 17:55:56,346 6084 INFO ? odoo.sql_db: Connection to the database failed 
2025-11-04 17:55:56,347 6084 INFO ? werkzeug: 127.0.0.1 - - [04/Nov/2025 17:55:56] "GET /web/service-worker.js HTTP/1.1" 404 - 0 0.000 7.190
2025-11-04 17:56:40,473 6084 INFO ? odoo.service.server: Initiating shutdown 
2025-11-04 17:56:40,479 6084 INFO ? odoo.service.server: Hit CTRL-C again or send a second signal to force the shutdown. 
